// Jest Snapshot v1, https://goo.gl/fbAQLP

exports[`A suite renders components tree correctly 1`] = `
<App>
  <Header>
    <div>
      Backend/Frontend boilerplate without PHP
    </div>
  </Header>
  <Dashboard>
    <div>
      Dashboard
    </div>
  </Dashboard>
</App>
`;

exports[`A suite renders isolated component correctly 1`] = `
<Fragment>
  <Header />
  <Dashboard />
</Fragment>
`;

exports[`A suite should renders HTML tree correctly 1`] = `
Array [
  <div>
    Backend/Frontend boilerplate without PHP
  </div>,
  <div>
    Dashboard
  </div>,
]
`;
